// Jest Snapshot v1, https://goo.gl/fbAQLP

exports[`renders correctly 1`] = `
<header>
  <h1
    class="displayNone"
  >
    Devloppeur Web
  </h1>
  <i
    className="state state__low"
  />
</header>
`;
